sudo snap install powershell --classic
sudo snap install node --classic